{
    "sentence_id": 2,
    "body": "This is also test sentence.",
    "vocabularies": ["This", "is", "also"],
    "created": "2024-03-28T14:15:25.954024Z",
    "updated": "2024-03-28T14:15:25.954024Z"
}
