{"message":"Key: 'Vocabularies' Error:Field validation for 'Vocabularies' failed on the 'required' tag\nKey: 'Body' Error:Field validation for 'Body' failed on the 'required' tag"}