{"message":"json: cannot unmarshal number into Go struct field .body of type string"}