{
    "vocabularies":["build", "deployment", "container"],
    "body":"After completing the build process, the application is packaged into a container and ready for deployment."
}