{"message":"Key: 'Body' Error:Field validation for 'Body' failed on the 'required' tag"}