{"body":"The application communicates with the DB server to retrieve and store data."}