{
    "sentence_id":9,
    "body":"Updated sentence.",
    "vocabularies":["docker","is","used"],
    "created":"2024-04-06 20:16:35.47968413 +0000 UTC m=+25.323730179",
    "updated":"2024-04-06 20:16:35.47969263 +0000 UTC m=+25.323738679"
}