{"body":"After finishing the build process, this application is packaged into a container and ready for deployment."}